../Core/Src/main.c:125:5:main	8	static
../Core/Src/main.c:203:6:HAL_ADC_ConvCpltCallback	16	static
../Core/Src/main.c:216:6:SystemClock_Config	88	static
../Core/Src/main.c:262:13:MX_ADC1_Init	24	static
../Core/Src/main.c:314:13:MX_TIM3_Init	32	static
../Core/Src/main.c:359:13:MX_USART2_UART_Init	8	static
../Core/Src/main.c:390:13:MX_DMA_Init	16	static
../Core/Src/main.c:411:13:MX_GPIO_Init	48	static
../Core/Src/main.c:462:6:StartDefaultTask	200	static
../Core/Src/main.c:839:6:HAL_TIM_PeriodElapsedCallback	16	static
../Core/Src/main.c:856:6:Error_Handler	4	static,ignoring_inline_asm
