../Core/Src/main.c:128:5:main	8	static
../Core/Src/main.c:215:6:SystemClock_Config	88	static
../Core/Src/main.c:261:13:MX_I2C1_Init	8	static
../Core/Src/main.c:295:13:MX_I2C3_Init	8	static
../Core/Src/main.c:329:13:MX_TIM2_Init	64	static
../Core/Src/main.c:392:13:MX_TIM3_Init	32	static
../Core/Src/main.c:437:13:MX_USART2_UART_Init	8	static
../Core/Src/main.c:468:13:MX_DMA_Init	16	static
../Core/Src/main.c:489:13:MX_GPIO_Init	48	static
../Core/Src/main.c:532:6:subscription_callback	24	static
../Core/Src/main.c:546:6:StartDefaultTask	600	static
../Core/Src/main.c:788:6:HAL_TIM_PeriodElapsedCallback	16	static
../Core/Src/main.c:809:6:Error_Handler	4	static,ignoring_inline_asm
